[INFO] Example inference output
[WARNING] Missing expected env vars: HF_TOKEN
[START] task=easy-arbitrage env=vpp model=<model-name>
[STEP] step=1 action={"accept_dr_bid":false,"defer_ev_charging":0.0,"global_charge_rate":-1.0,"min_reserve_pct":0.0,"p2p_export_rate":0.0} reward=6.25 done=false error=null
[STEP] step=2 action={"accept_dr_bid":false,"defer_ev_charging":0.0,"global_charge_rate":-0.5,"min_reserve_pct":0.0,"p2p_export_rate":0.0} reward=3.12 done=false error=null
[INFO] Additional step output omitted in this sanitized example.
[STEP] step=15 action={"accept_dr_bid":false,"defer_ev_charging":0.0,"global_charge_rate":-0.5,"min_reserve_pct":0.2,"p2p_export_rate":0.8} reward=3.10 done=false error=null
[INFO] Rate limit hit. Retrying in 1s...
[INFO] Rate limit hit. Retrying in 4s...
[STEP] step=16 action={"accept_dr_bid":false,"defer_ev_charging":0.0,"global_charge_rate":-0.5,"min_reserve_pct":0.2,"p2p_export_rate":0.5} reward=2.43 done=false error=null
[STEP] step=17 action={"accept_dr_bid":false,"defer_ev_charging":0.0,"global_charge_rate":-0.5,"min_reserve_pct":0.2,"p2p_export_rate":0.5} reward=2.49 done=false error=null
[INFO] Rate limit hit. Retrying in 1s...
[INFO] Rate limit hit. Retrying in 4s...
[STEP] step=18 action={"accept_dr_bid":false,"defer_ev_charging":0.0,"global_charge_rate":-0.5,"min_reserve_pct":0.2,"p2p_export_rate":0.5} reward=2.55 done=false error=null
[STEP] step=19 action={"accept_dr_bid":false,"defer_ev_charging":0.0,"global_charge_rate":-0.5,"min_reserve_pct":0.2,"p2p_export_rate":0.5} reward=2.61 done=false error=null
[INFO] Rate limit hit. Retrying in 1s...
[INFO] Rate limit hit. Retrying in 4s...
[STEP] step=20 action={"accept_dr_bid":false,"defer_ev_charging":0.0,"global_charge_rate":-0.5,"min_reserve_pct":0.2,"p2p_export_rate":0.5} reward=2.65 done=false error=null
[INFO] Rate limit hit. Retrying in 1s...
[STEP] step=21 action={"accept_dr_bid":false,"defer_ev_charging":0.0,"global_charge_rate":-0.5,"min_reserve_pct":0.2,"p2p_export_rate":0.5} reward=2.69 done=false error=null
[INFO] Rate limit hit. Retrying in 1s...
[INFO] Rate limit hit. Retrying in 4s...
[STEP] step=22 action={"accept_dr_bid":false,"defer_ev_charging":0.0,"global_charge_rate":-0.5,"min_reserve_pct":0.2,"p2p_export_rate":0.5} reward=2.72 done=false error=null
[STEP] step=23 action={"accept_dr_bid":false,"defer_ev_charging":0.0,"global_charge_rate":-0.5,"min_reserve_pct":0.2,"p2p_export_rate":0.5} reward=2.75 done=false error=null
[INFO] Rate limit hit. Retrying in 1s...
[INFO] Rate limit hit. Retrying in 4s...
[STEP] step=24 action={"accept_dr_bid":false,"defer_ev_charging":0.0,"global_charge_rate":-0.5,"min_reserve_pct":0.2,"p2p_export_rate":0.5} reward=2.76 done=false error=null
[STEP] step=25 action={"accept_dr_bid":false,"defer_ev_charging":0.0,"global_charge_rate":-0.5,"min_reserve_pct":0.2,"p2p_export_rate":0.5} reward=2.77 done=false error=null
[INFO] Rate limit hit. Retrying in 1s...
[INFO] Rate limit hit. Retrying in 4s...
[STEP] step=26 action={"accept_dr_bid":false,"defer_ev_charging":0.0,"global_charge_rate":-0.5,"min_reserve_pct":0.2,"p2p_export_rate":0.5} reward=2.77 done=false error=null
[INFO] Rate limit hit. Retrying in 1s...
[STEP] step=27 action={"accept_dr_bid":false,"defer_ev_charging":0.0,"global_charge_rate":-0.5,"min_reserve_pct":0.2,"p2p_export_rate":0.5} reward=2.76 done=false error=null
[INFO] Rate limit hit. Retrying in 1s...
[STEP] step=28 action={"accept_dr_bid":false,"defer_ev_charging":0.0,"global_charge_rate":-0.5,"min_reserve_pct":0.2,"p2p_export_rate":0.5} reward=2.74 done=false error=null
[INFO] Rate limit hit. Retrying in 1s...
[INFO] Rate limit hit. Retrying in 4s...
[STEP] step=29 action={"accept_dr_bid":false,"defer_ev_charging":0.0,"global_charge_rate":-0.5,"min_reserve_pct":0.2,"p2p_export_rate":0.5} reward=2.72 done=false error=null
[STEP] step=30 action={"accept_dr_bid":false,"defer_ev_charging":0.0,"global_charge_rate":-0.5,"min_reserve_pct":0.2,"p2p_export_rate":0.5} reward=2.69 done=false error=null
[INFO] Rate limit hit. Retrying in 1s...
[INFO] Rate limit hit. Retrying in 4s...
[STEP] step=31 action={"accept_dr_bid":false,"defer_ev_charging":0.0,"global_charge_rate":-0.5,"min_reserve_pct":0.2,"p2p_export_rate":0.5} reward=2.65 done=false error=null
[STEP] step=32 action={"accept_dr_bid":false,"defer_ev_charging":0.0,"global_charge_rate":-0.5,"min_reserve_pct":0.2,"p2p_export_rate":0.5} reward=2.60 done=false error=null
[INFO] Rate limit hit. Retrying in 1s...
[INFO] Rate limit hit. Retrying in 4s...
[STEP] step=33 action={"accept_dr_bid":false,"defer_ev_charging":0.0,"global_charge_rate":-0.5,"min_reserve_pct":0.2,"p2p_export_rate":0.5} reward=2.21 done=false error=null
[INFO] Rate limit hit. Retrying in 1s...
[STEP] step=34 action={"accept_dr_bid":false,"defer_ev_charging":0.0,"global_charge_rate":-0.5,"min_reserve_pct":0.2,"p2p_export_rate":0.5} reward=2.16 done=false error=null
[INFO] Rate limit hit. Retrying in 1s...
[STEP] step=35 action={"accept_dr_bid":false,"defer_ev_charging":0.0,"global_charge_rate":-0.5,"min_reserve_pct":0.2,"p2p_export_rate":0.5} reward=2.09 done=false error=null
[INFO] Rate limit hit. Retrying in 1s...
[INFO] Rate limit hit. Retrying in 4s...
[STEP] step=36 action={"accept_dr_bid":false,"defer_ev_charging":0.0,"global_charge_rate":-0.5,"min_reserve_pct":0.2,"p2p_export_rate":0.5} reward=2.02 done=false error=null
[STEP] step=37 action={"accept_dr_bid":false,"defer_ev_charging":0.0,"global_charge_rate":-0.5,"min_reserve_pct":0.1,"p2p_export_rate":0.5} reward=3.95 done=false error=null
[INFO] Rate limit hit. Retrying in 1s...
[INFO] Rate limit hit. Retrying in 4s...
[STEP] step=38 action={"accept_dr_bid":false,"defer_ev_charging":0.0,"global_charge_rate":-0.5,"min_reserve_pct":0.2,"p2p_export_rate":0.5} reward=1.86 done=false error=null
[INFO] Rate limit hit. Retrying in 1s...
[STEP] step=39 action={"accept_dr_bid":false,"defer_ev_charging":0.0,"global_charge_rate":-0.5,"min_reserve_pct":0.2,"p2p_export_rate":0.5} reward=1.78 done=false error=null
[INFO] Rate limit hit. Retrying in 1s...
[INFO] Rate limit hit. Retrying in 4s...
[STEP] step=40 action={"accept_dr_bid":false,"defer_ev_charging":0.0,"global_charge_rate":-0.5,"min_reserve_pct":0.2,"p2p_export_rate":0.5} reward=1.69 done=false error=null
[STEP] step=41 action={"accept_dr_bid":false,"defer_ev_charging":0.0,"global_charge_rate":-0.5,"min_reserve_pct":0.2,"p2p_export_rate":0.0} reward=1.12 done=false error=null
[INFO] Rate limit hit. Retrying in 1s...
[INFO] Rate limit hit. Retrying in 4s...
[STEP] step=42 action={"accept_dr_bid":false,"defer_ev_charging":0.0,"global_charge_rate":-0.5,"min_reserve_pct":0.2,"p2p_export_rate":0.5} reward=1.50 done=false error=null
[STEP] step=43 action={"accept_dr_bid":false,"defer_ev_charging":0.0,"global_charge_rate":-0.5,"min_reserve_pct":0.2,"p2p_export_rate":0.5} reward=1.40 done=false error=null
[INFO] Rate limit hit. Retrying in 1s...
[INFO] Rate limit hit. Retrying in 4s...
[STEP] step=44 action={"accept_dr_bid":false,"defer_ev_charging":0.0,"global_charge_rate":-0.5,"min_reserve_pct":0.2,"p2p_export_rate":0.6} reward=1.33 done=false error=null
[INFO] Rate limit hit. Retrying in 1s...
[STEP] step=45 action={"accept_dr_bid":false,"defer_ev_charging":0.0,"global_charge_rate":-0.5,"min_reserve_pct":0.2,"p2p_export_rate":0.5} reward=1.19 done=false error=null
[INFO] Rate limit hit. Retrying in 1s...
[STEP] step=46 action={"accept_dr_bid":false,"defer_ev_charging":0.0,"global_charge_rate":-0.5,"min_reserve_pct":0.2,"p2p_export_rate":0.0} reward=1.12 done=false error=null
[INFO] Rate limit hit. Retrying in 1s...
[INFO] Rate limit hit. Retrying in 4s...
[STEP] step=47 action={"accept_dr_bid":false,"defer_ev_charging":0.0,"global_charge_rate":-0.5,"min_reserve_pct":0.2,"p2p_export_rate":0.0} reward=1.12 done=false error=null
[STEP] step=48 action={"accept_dr_bid":false,"defer_ev_charging":0.0,"global_charge_rate":-0.5,"min_reserve_pct":0.2,"p2p_export_rate":0.0} reward=1.12 done=true error=null
[END] success=true steps=48 score=0.9999 rewards=6.25,3.12,3.33,3.40,3.72,3.12,1.69,1.79,1.12,1.12,2.05,2.13,2.21,2.29,3.10,2.43,2.49,2.55,2.61,2.65,2.69,2.72,2.75,2.76,2.77,2.77,2.76,2.74,2.72,2.69,2.65,2.60,2.21,2.16,2.09,2.02,3.95,1.86,1.78,1.69,1.12,1.50,1.40,1.33,1.19,1.12,1.12,1.12
[START] task=medium-forecast-error env=vpp model=llama-3.1-8b-instant
[INFO] Rate limit hit. Retrying in 1s...
[INFO] Rate limit hit. Retrying in 4s...
[STEP] step=1 action={"accept_dr_bid":false,"defer_ev_charging":0.0,"global_charge_rate":-0.5,"min_reserve_pct":0.0,"p2p_export_rate":0.0} reward=2.31 done=false error=null
[INFO] Rate limit hit. Retrying in 1s...
[STEP] step=2 action={"accept_dr_bid":false,"defer_ev_charging":0.0,"global_charge_rate":-0.5,"min_reserve_pct":0.2,"p2p_export_rate":0.0} reward=2.38 done=false error=null
[INFO] Rate limit hit. Retrying in 1s...
[STEP] step=3 action={"accept_dr_bid":false,"defer_ev_charging":0.0,"global_charge_rate":-0.5,"min_reserve_pct":0.2,"p2p_export_rate":0.15} reward=2.47 done=false error=null
[INFO] Rate limit hit. Retrying in 1s...
[INFO] Rate limit hit. Retrying in 4s...
[STEP] step=4 action={"accept_dr_bid":false,"defer_ev_charging":0.0,"global_charge_rate":-0.5,"min_reserve_pct":0.2,"p2p_export_rate":0.0} reward=2.55 done=false error=null
[STEP] step=5 action={"accept_dr_bid":false,"defer_ev_charging":0.0,"global_charge_rate":-0.5,"min_reserve_pct":0.2,"p2p_export_rate":0.0} reward=2.66 done=false error=null
[INFO] Rate limit hit. Retrying in 1s...
[INFO] Rate limit hit. Retrying in 4s...
[STEP] step=6 action={"accept_dr_bid":false,"defer_ev_charging":0.0,"global_charge_rate":-0.5,"min_reserve_pct":0.2,"p2p_export_rate":0.5} reward=2.96 done=false error=null
[INFO] Rate limit hit. Retrying in 1s...
[STEP] step=7 action={"accept_dr_bid":false,"defer_ev_charging":0.0,"global_charge_rate":-0.5,"min_reserve_pct":0.2,"p2p_export_rate":0.0} reward=2.88 done=false error=null
[INFO] Rate limit hit. Retrying in 1s...
[INFO] Rate limit hit. Retrying in 4s...
[STEP] step=8 action={"accept_dr_bid":false,"defer_ev_charging":0.0,"global_charge_rate":-0.5,"min_reserve_pct":0.2,"p2p_export_rate":0.0} reward=1.00 done=false error=null
[STEP] step=9 action={"accept_dr_bid":false,"defer_ev_charging":0.0,"global_charge_rate":-0.5,"min_reserve_pct":0.2,"p2p_export_rate":0.0} reward=1.12 done=false error=null
[INFO] Rate limit hit. Retrying in 1s...
[INFO] Rate limit hit. Retrying in 4s...
[STEP] step=10 action={"accept_dr_bid":false,"defer_ev_charging":0.0,"global_charge_rate":-0.5,"min_reserve_pct":0.2,"p2p_export_rate":0.0} reward=1.25 done=false error=null
[STEP] step=11 action={"accept_dr_bid":false,"defer_ev_charging":0.0,"global_charge_rate":-0.5,"min_reserve_pct":0.2,"p2p_export_rate":0.5} reward=1.89 done=false error=null
[INFO] Rate limit hit. Retrying in 1s...
[INFO] Rate limit hit. Retrying in 4s...
[STEP] step=12 action={"accept_dr_bid":false,"defer_ev_charging":0.0,"global_charge_rate":-0.5,"min_reserve_pct":0.2,"p2p_export_rate":0.5} reward=2.08 done=false error=null
[STEP] step=13 action={"accept_dr_bid":false,"defer_ev_charging":0.0,"global_charge_rate":-0.5,"min_reserve_pct":0.2,"p2p_export_rate":0.5} reward=2.27 done=false error=null
[INFO] Rate limit hit. Retrying in 1s...
[INFO] Rate limit hit. Retrying in 4s...
[STEP] step=14 action={"accept_dr_bid":false,"defer_ev_charging":0.0,"global_charge_rate":-0.5,"min_reserve_pct":0.2,"p2p_export_rate":0.0} reward=1.70 done=false error=null
[STEP] step=15 action={"accept_dr_bid":false,"defer_ev_charging":0.0,"global_charge_rate":-0.5,"min_reserve_pct":0.2,"p2p_export_rate":0.5} reward=2.62 done=false error=null
[INFO] Rate limit hit. Retrying in 1s...
[INFO] Rate limit hit. Retrying in 4s...
[STEP] step=16 action={"accept_dr_bid":false,"defer_ev_charging":0.0,"global_charge_rate":-0.5,"min_reserve_pct":0.2,"p2p_export_rate":0.0} reward=1.87 done=false error=null
[STEP] step=17 action={"accept_dr_bid":false,"defer_ev_charging":0.0,"global_charge_rate":-0.5,"min_reserve_pct":0.2,"p2p_export_rate":0.0} reward=1.94 done=false error=null
[INFO] Rate limit hit. Retrying in 1s...
[INFO] Rate limit hit. Retrying in 4s...
[STEP] step=18 action={"accept_dr_bid":false,"defer_ev_charging":0.0,"global_charge_rate":-0.5,"min_reserve_pct":0.2,"p2p_export_rate":0.5} reward=2.41 done=false error=null
[STEP] step=19 action={"accept_dr_bid":false,"defer_ev_charging":0.0,"global_charge_rate":-0.5,"min_reserve_pct":0.2,"p2p_export_rate":0.0} reward=2.03 done=false error=null
[INFO] Rate limit hit. Retrying in 1s...
[INFO] Rate limit hit. Retrying in 4s...
[STEP] step=20 action={"accept_dr_bid":false,"defer_ev_charging":0.0,"global_charge_rate":-0.5,"min_reserve_pct":0.2,"p2p_export_rate":0.0} reward=2.05 done=false error=null
[INFO] Rate limit hit. Retrying in 1s...
[STEP] step=21 action={"accept_dr_bid":false,"defer_ev_charging":0.0,"global_charge_rate":-0.5,"min_reserve_pct":0.2,"p2p_export_rate":0.5} reward=2.81 done=false error=null
[INFO] Rate limit hit. Retrying in 1s...
[INFO] Rate limit hit. Retrying in 4s...
[STEP] step=22 action={"accept_dr_bid":false,"defer_ev_charging":0.0,"global_charge_rate":-0.5,"min_reserve_pct":0.2,"p2p_export_rate":0.5} reward=2.88 done=false error=null
[STEP] step=23 action={"accept_dr_bid":false,"defer_ev_charging":0.0,"global_charge_rate":-0.5,"min_reserve_pct":0.2,"p2p_export_rate":0.5} reward=2.93 done=false error=null
[INFO] Rate limit hit. Retrying in 1s...
[INFO] Rate limit hit. Retrying in 4s...
[STEP] step=24 action={"accept_dr_bid":false,"defer_ev_charging":0.0,"global_charge_rate":-0.5,"min_reserve_pct":0.2,"p2p_export_rate":0.0} reward=1.99 done=false error=null
[STEP] step=25 action={"accept_dr_bid":false,"defer_ev_charging":0.0,"global_charge_rate":-0.5,"min_reserve_pct":0.2,"p2p_export_rate":0.0} reward=1.94 done=false error=null
[INFO] Rate limit hit. Retrying in 1s...
[INFO] Rate limit hit. Retrying in 4s...
[STEP] step=26 action={"accept_dr_bid":false,"defer_ev_charging":0.0,"global_charge_rate":-0.5,"min_reserve_pct":0.2,"p2p_export_rate":0.8} reward=3.43 done=false error=null
[INFO] Rate limit hit. Retrying in 1s...
[STEP] step=27 action={"accept_dr_bid":false,"defer_ev_charging":0.0,"global_charge_rate":-0.5,"min_reserve_pct":0.2,"p2p_export_rate":0.5} reward=2.75 done=false error=null
[INFO] Rate limit hit. Retrying in 1s...
[STEP] step=28 action={"accept_dr_bid":false,"defer_ev_charging":0.0,"global_charge_rate":-0.5,"min_reserve_pct":0.2,"p2p_export_rate":0.5} reward=2.64 done=false error=null
[INFO] Rate limit hit. Retrying in 1s...
[INFO] Rate limit hit. Retrying in 4s...
[STEP] step=29 action={"accept_dr_bid":false,"defer_ev_charging":0.0,"global_charge_rate":-0.5,"min_reserve_pct":0.2,"p2p_export_rate":0.0} reward=1.59 done=false error=null
[INFO] Rate limit hit. Retrying in 1s...
[STEP] step=30 action={"accept_dr_bid":false,"defer_ev_charging":0.0,"global_charge_rate":-0.5,"min_reserve_pct":0.2,"p2p_export_rate":0.0} reward=1.48 done=false error=null
[INFO] Rate limit hit. Retrying in 1s...
[INFO] Rate limit hit. Retrying in 4s...
[STEP] step=31 action={"accept_dr_bid":false,"defer_ev_charging":0.0,"global_charge_rate":-0.5,"min_reserve_pct":0.2,"p2p_export_rate":0.0} reward=1.37 done=false error=null
[STEP] step=32 action={"accept_dr_bid":false,"defer_ev_charging":0.0,"global_charge_rate":-0.5,"min_reserve_pct":0.2,"p2p_export_rate":0.5} reward=2.00 done=false error=null
[INFO] Rate limit hit. Retrying in 1s...
[INFO] Rate limit hit. Retrying in 4s...
[STEP] step=33 action={"accept_dr_bid":false,"defer_ev_charging":0.0,"global_charge_rate":-0.5,"min_reserve_pct":0.2,"p2p_export_rate":0.0} reward=1.12 done=false error=null
[STEP] step=34 action={"accept_dr_bid":false,"defer_ev_charging":0.0,"global_charge_rate":-0.5,"min_reserve_pct":0.2,"p2p_export_rate":0.5} reward=1.51 done=false error=null
[INFO] Rate limit hit. Retrying in 1s...
[INFO] Rate limit hit. Retrying in 4s...
[STEP] step=35 action={"accept_dr_bid":false,"defer_ev_charging":0.0,"global_charge_rate":-0.5,"min_reserve_pct":0.2,"p2p_export_rate":0.0} reward=0.88 done=false error=null
[INFO] Rate limit hit. Retrying in 1s...
[STEP] step=36 action={"accept_dr_bid":false,"defer_ev_charging":0.0,"global_charge_rate":-0.5,"min_reserve_pct":0.2,"p2p_export_rate":0.5} reward=1.15 done=false error=null
[INFO] Rate limit hit. Retrying in 1s...
[INFO] Rate limit hit. Retrying in 4s...
[STEP] step=37 action={"accept_dr_bid":false,"defer_ev_charging":0.0,"global_charge_rate":-0.5,"min_reserve_pct":0.2,"p2p_export_rate":0.0} reward=0.66 done=false error=null
[STEP] step=38 action={"accept_dr_bid":false,"defer_ev_charging":0.0,"global_charge_rate":-0.5,"min_reserve_pct":0.2,"p2p_export_rate":0.5} reward=0.83 done=false error=null
[INFO] Rate limit hit. Retrying in 1s...
[INFO] Rate limit hit. Retrying in 4s...
[STEP] step=39 action={"accept_dr_bid":false,"defer_ev_charging":0.0,"global_charge_rate":-0.5,"min_reserve_pct":0.2,"p2p_export_rate":0.0} reward=0.46 done=false error=null
[STEP] step=40 action={"accept_dr_bid":false,"defer_ev_charging":0.0,"global_charge_rate":-0.5,"min_reserve_pct":0.2,"p2p_export_rate":0.0} reward=0.38 done=false error=null
[INFO] Rate limit hit. Retrying in 1s...
[INFO] Rate limit hit. Retrying in 4s...
[STEP] step=41 action={"accept_dr_bid":false,"defer_ev_charging":0.0,"global_charge_rate":-0.5,"min_reserve_pct":0.2,"p2p_export_rate":0.55} reward=0.44 done=false error=null
[INFO] Rate limit hit. Retrying in 1s...
[STEP] step=42 action={"accept_dr_bid":false,"defer_ev_charging":0.0,"global_charge_rate":-0.5,"min_reserve_pct":0.2,"p2p_export_rate":0.0} reward=0.26 done=false error=null
[INFO] Rate limit hit. Retrying in 1s...
[STEP] step=43 action={"accept_dr_bid":false,"defer_ev_charging":0.0,"global_charge_rate":-0.5,"min_reserve_pct":0.2,"p2p_export_rate":0.08} reward=0.22 done=false error=null
[INFO] Rate limit hit. Retrying in 1s...
[INFO] Rate limit hit. Retrying in 4s...
[STEP] step=44 action={"accept_dr_bid":false,"defer_ev_charging":0.0,"global_charge_rate":-0.5,"min_reserve_pct":0.2,"p2p_export_rate":0.0} reward=0.20 done=false error=null
[INFO] Rate limit hit. Retrying in 1s...
[STEP] step=45 action={"accept_dr_bid":false,"defer_ev_charging":0.0,"global_charge_rate":-0.5,"min_reserve_pct":0.2,"p2p_export_rate":0.0} reward=0.19 done=false error=null
[INFO] Rate limit hit. Retrying in 1s...
[INFO] Rate limit hit. Retrying in 4s...
[STEP] step=46 action={"accept_dr_bid":false,"defer_ev_charging":0.0,"global_charge_rate":-0.5,"min_reserve_pct":0.2,"p2p_export_rate":0.0} reward=0.20 done=false error=null
[STEP] step=47 action={"accept_dr_bid":false,"defer_ev_charging":0.0,"global_charge_rate":-0.5,"min_reserve_pct":0.2,"p2p_export_rate":0.0} reward=0.22 done=false error=null
[INFO] Rate limit hit. Retrying in 1s...
[INFO] Rate limit hit. Retrying in 4s...
[STEP] step=48 action={"accept_dr_bid":false,"defer_ev_charging":0.0,"global_charge_rate":-0.5,"min_reserve_pct":0.1,"p2p_export_rate":0.0} reward=0.26 done=true error=null
[END] success=true steps=48 score=0.9999 rewards=2.31,2.38,2.47,2.55,2.66,2.96,2.88,1.00,1.12,1.25,1.89,2.08,2.27,1.70,2.62,1.87,1.94,2.41,2.03,2.05,2.81,2.88,2.93,1.99,1.94,3.43,2.75,2.64,1.59,1.48,1.37,2.00,1.12,1.51,0.88,1.15,0.66,0.83,0.46,0.38,0.44,0.26,0.22,0.20,0.19,0.20,0.22,0.26
[START] task=hard-frequency-response env=vpp model=llama-3.1-8b-instant
[STEP] step=1 action={"accept_dr_bid":false,"defer_ev_charging":0.0,"global_charge_rate":-1.0,"min_reserve_pct":0.0,"p2p_export_rate":0.0} reward=4.63 done=false error=null
[INFO] Rate limit hit. Retrying in 1s...
[INFO] Rate limit hit. Retrying in 4s...
[STEP] step=2 action={"accept_dr_bid":false,"defer_ev_charging":0.0,"global_charge_rate":-1.0,"min_reserve_pct":0.0,"p2p_export_rate":0.0} reward=4.76 done=false error=null
[INFO] Rate limit hit. Retrying in 1s...
[STEP] step=3 action={"accept_dr_bid":false,"defer_ev_charging":0.0,"global_charge_rate":-0.5,"min_reserve_pct":0.0,"p2p_export_rate":0.0} reward=2.46 done=false error=null
[INFO] Rate limit hit. Retrying in 1s...
[STEP] step=4 action={"accept_dr_bid":false,"defer_ev_charging":0.0,"global_charge_rate":-1.0,"min_reserve_pct":0.0,"p2p_export_rate":0.0} reward=5.11 done=false error=null
[INFO] Rate limit hit. Retrying in 1s...
[INFO] Rate limit hit. Retrying in 4s...
[STEP] step=5 action={"accept_dr_bid":false,"defer_ev_charging":0.0,"global_charge_rate":-1.0,"min_reserve_pct":0.0,"p2p_export_rate":0.0} reward=5.31 done=false error=null
[INFO] Rate limit hit. Retrying in 1s...
[STEP] step=6 action={"accept_dr_bid":false,"defer_ev_charging":0.0,"global_charge_rate":-1.0,"min_reserve_pct":0.0,"p2p_export_rate":0.0} reward=5.53 done=false error=null
[INFO] Rate limit hit. Retrying in 1s...
[INFO] Rate limit hit. Retrying in 4s...
[STEP] step=7 action={"accept_dr_bid":false,"defer_ev_charging":0.0,"global_charge_rate":-1.0,"min_reserve_pct":0.0,"p2p_export_rate":0.0} reward=5.76 done=false error=null
[STEP] step=8 action={"accept_dr_bid":false,"defer_ev_charging":0.0,"global_charge_rate":-1.0,"min_reserve_pct":0.0,"p2p_export_rate":0.0} reward=6.01 done=false error=null
[INFO] Rate limit hit. Retrying in 1s...
[INFO] Rate limit hit. Retrying in 4s...
[STEP] step=9 action={"accept_dr_bid":false,"defer_ev_charging":0.0,"global_charge_rate":-1.0,"min_reserve_pct":0.0,"p2p_export_rate":0.0} reward=6.25 done=false error=null
[INFO] Rate limit hit. Retrying in 1s...
[STEP] step=10 action={"accept_dr_bid":false,"defer_ev_charging":0.0,"global_charge_rate":-1.0,"min_reserve_pct":0.0,"p2p_export_rate":0.0} reward=6.49 done=false error=null
[INFO] Rate limit hit. Retrying in 1s...
[INFO] Rate limit hit. Retrying in 4s...
[STEP] step=11 action={"accept_dr_bid":false,"defer_ev_charging":0.0,"global_charge_rate":-1.0,"min_reserve_pct":0.0,"p2p_export_rate":0.0} reward=6.74 done=false error=null
[STEP] step=12 action={"accept_dr_bid":false,"defer_ev_charging":0.0,"global_charge_rate":-1.0,"min_reserve_pct":0.0,"p2p_export_rate":0.0} reward=6.97 done=false error=null
[INFO] Rate limit hit. Retrying in 1s...
[INFO] Rate limit hit. Retrying in 4s...
[STEP] step=13 action={"accept_dr_bid":false,"defer_ev_charging":0.0,"global_charge_rate":-1.0,"min_reserve_pct":0.0,"p2p_export_rate":0.0} reward=7.19 done=false error=null
[STEP] step=14 action={"accept_dr_bid":false,"defer_ev_charging":0.0,"global_charge_rate":-1.0,"min_reserve_pct":0.0,"p2p_export_rate":0.0} reward=7.39 done=false error=null
[INFO] Rate limit hit. Retrying in 1s...
[INFO] Rate limit hit. Retrying in 4s...
[STEP] step=15 action={"accept_dr_bid":false,"defer_ev_charging":0.0,"global_charge_rate":-1.0,"min_reserve_pct":0.0,"p2p_export_rate":0.0} reward=7.58 done=false error=null
[INFO] Rate limit hit. Retrying in 1s...
[STEP] step=16 action={"accept_dr_bid":false,"defer_ev_charging":0.0,"global_charge_rate":-1.0,"min_reserve_pct":0.0,"p2p_export_rate":0.0} reward=7.74 done=false error=null
[INFO] Rate limit hit. Retrying in 1s...
[INFO] Rate limit hit. Retrying in 4s...
[STEP] step=17 action={"accept_dr_bid":false,"defer_ev_charging":0.0,"global_charge_rate":-1.0,"min_reserve_pct":0.0,"p2p_export_rate":0.0} reward=7.87 done=false error=null
[STEP] step=18 action={"accept_dr_bid":false,"defer_ev_charging":0.0,"global_charge_rate":-1.0,"min_reserve_pct":0.0,"p2p_export_rate":0.0} reward=7.98 done=false error=null
[INFO] Rate limit hit. Retrying in 1s...
[STEP] step=19 action={"accept_dr_bid":false,"defer_ev_charging":0.0,"global_charge_rate":-1.0,"min_reserve_pct":0.0,"p2p_export_rate":0.0} reward=8.06 done=false error=null
[INFO] Rate limit hit. Retrying in 1s...
[INFO] Rate limit hit. Retrying in 4s...
[STEP] step=20 action={"accept_dr_bid":false,"defer_ev_charging":0.0,"global_charge_rate":-1.0,"min_reserve_pct":0.0,"p2p_export_rate":0.0} reward=8.11 done=false error=null
[STEP] step=21 action={"accept_dr_bid":false,"defer_ev_charging":0.0,"global_charge_rate":-1.0,"min_reserve_pct":0.0,"p2p_export_rate":0.0} reward=8.12 done=false error=null
[INFO] Rate limit hit. Retrying in 1s...
[INFO] Rate limit hit. Retrying in 4s...
[STEP] step=22 action={"accept_dr_bid":false,"defer_ev_charging":0.0,"global_charge_rate":-1.0,"min_reserve_pct":0.0,"p2p_export_rate":0.0} reward=8.11 done=false error=null
[STEP] step=23 action={"accept_dr_bid":false,"defer_ev_charging":0.0,"global_charge_rate":-1.0,"min_reserve_pct":0.0,"p2p_export_rate":0.0} reward=8.06 done=false error=null
[STEP] step=24 action={"accept_dr_bid":false,"defer_ev_charging":0.0,"global_charge_rate":-1.0,"min_reserve_pct":0.0,"p2p_export_rate":0.0} reward=7.98 done=false error=null
[INFO] Rate limit hit. Retrying in 1s...
[INFO] Rate limit hit. Retrying in 4s...
[STEP] step=25 action={"accept_dr_bid":false,"defer_ev_charging":0.0,"global_charge_rate":-1.0,"min_reserve_pct":0.0,"p2p_export_rate":0.0} reward=7.87 done=false error=null
[INFO] Rate limit hit. Retrying in 1s...
[STEP] step=26 action={"accept_dr_bid":false,"defer_ev_charging":0.0,"global_charge_rate":-1.0,"min_reserve_pct":0.0,"p2p_export_rate":0.0} reward=7.74 done=false error=null
[INFO] Rate limit hit. Retrying in 1s...
[STEP] step=27 action={"accept_dr_bid":false,"defer_ev_charging":0.0,"global_charge_rate":-1.0,"min_reserve_pct":0.0,"p2p_export_rate":0.0} reward=75.76 done=false error=null
[INFO] Rate limit hit. Retrying in 1s...
[INFO] Rate limit hit. Retrying in 4s...
[STEP] step=28 action={"accept_dr_bid":false,"defer_ev_charging":0.0,"global_charge_rate":-1.0,"min_reserve_pct":0.0,"p2p_export_rate":0.0} reward=7.39 done=false error=null
[INFO] Rate limit hit. Retrying in 1s...
[STEP] step=29 action={"accept_dr_bid":false,"defer_ev_charging":0.0,"global_charge_rate":-1.0,"min_reserve_pct":0.0,"p2p_export_rate":0.0} reward=7.19 done=false error=null
[INFO] Rate limit hit. Retrying in 1s...
[INFO] Rate limit hit. Retrying in 4s...
[STEP] step=30 action={"accept_dr_bid":false,"defer_ev_charging":0.0,"global_charge_rate":-1.0,"min_reserve_pct":0.0,"p2p_export_rate":0.0} reward=6.97 done=false error=null
[STEP] step=31 action={"accept_dr_bid":false,"defer_ev_charging":0.0,"global_charge_rate":-1.0,"min_reserve_pct":0.0,"p2p_export_rate":0.0} reward=6.74 done=false error=null
[INFO] Rate limit hit. Retrying in 1s...
[INFO] Rate limit hit. Retrying in 4s...
[STEP] step=32 action={"accept_dr_bid":false,"defer_ev_charging":0.0,"global_charge_rate":-1.0,"min_reserve_pct":0.0,"p2p_export_rate":0.0} reward=6.49 done=false error=null
[INFO] Rate limit hit. Retrying in 1s...
[STEP] step=33 action={"accept_dr_bid":false,"defer_ev_charging":0.0,"global_charge_rate":-1.0,"min_reserve_pct":0.0,"p2p_export_rate":0.0} reward=6.25 done=false error=null
[INFO] Rate limit hit. Retrying in 1s...
[INFO] Rate limit hit. Retrying in 4s...
[STEP] step=34 action={"accept_dr_bid":false,"defer_ev_charging":0.0,"global_charge_rate":-1.0,"min_reserve_pct":0.0,"p2p_export_rate":0.0} reward=6.01 done=false error=null
[STEP] step=35 action={"accept_dr_bid":false,"defer_ev_charging":0.0,"global_charge_rate":-1.0,"min_reserve_pct":0.0,"p2p_export_rate":0.0} reward=5.76 done=false error=null
[INFO] Rate limit hit. Retrying in 1s...
[INFO] Rate limit hit. Retrying in 4s...
[STEP] step=36 action={"accept_dr_bid":false,"defer_ev_charging":0.0,"global_charge_rate":-1.0,"min_reserve_pct":0.0,"p2p_export_rate":0.0} reward=5.53 done=false error=null
[INFO] Rate limit hit. Retrying in 1s...
[STEP] step=37 action={"accept_dr_bid":false,"defer_ev_charging":0.0,"global_charge_rate":-1.0,"min_reserve_pct":0.0,"p2p_export_rate":0.0} reward=5.31 done=false error=null
[INFO] Rate limit hit. Retrying in 1s...
[STEP] step=38 action={"accept_dr_bid":false,"defer_ev_charging":0.0,"global_charge_rate":-1.0,"min_reserve_pct":0.0,"p2p_export_rate":0.0} reward=5.11 done=false error=null
[INFO] Rate limit hit. Retrying in 1s...
[INFO] Rate limit hit. Retrying in 4s...
[STEP] step=39 action={"accept_dr_bid":false,"defer_ev_charging":0.0,"global_charge_rate":-1.0,"min_reserve_pct":0.0,"p2p_export_rate":0.0} reward=4.92 done=false error=null
[INFO] Rate limit hit. Retrying in 1s...
[STEP] step=40 action={"accept_dr_bid":false,"defer_ev_charging":0.0,"global_charge_rate":-1.0,"min_reserve_pct":0.0,"p2p_export_rate":0.0} reward=4.76 done=false error=null
[INFO] Rate limit hit. Retrying in 1s...
[INFO] Rate limit hit. Retrying in 4s...
[STEP] step=41 action={"accept_dr_bid":false,"defer_ev_charging":0.0,"global_charge_rate":-1.0,"min_reserve_pct":0.0,"p2p_export_rate":0.0} reward=4.63 done=false error=null
[STEP] step=42 action={"accept_dr_bid":false,"defer_ev_charging":0.0,"global_charge_rate":-1.0,"min_reserve_pct":0.0,"p2p_export_rate":0.0} reward=4.52 done=false error=null
[INFO] Rate limit hit. Retrying in 1s...
[INFO] Rate limit hit. Retrying in 4s...
[STEP] step=43 action={"accept_dr_bid":false,"defer_ev_charging":0.0,"global_charge_rate":-1.0,"min_reserve_pct":0.0,"p2p_export_rate":0.0} reward=4.44 done=false error=null
[INFO] Rate limit hit. Retrying in 1s...
[STEP] step=44 action={"accept_dr_bid":false,"defer_ev_charging":0.0,"global_charge_rate":-1.0,"min_reserve_pct":0.0,"p2p_export_rate":0.0} reward=4.39 done=false error=null
[INFO] Rate limit hit. Retrying in 1s...
[INFO] Rate limit hit. Retrying in 4s...
[STEP] step=45 action={"accept_dr_bid":false,"defer_ev_charging":0.0,"global_charge_rate":-1.0,"min_reserve_pct":0.0,"p2p_export_rate":0.0} reward=4.38 done=false error=null
[STEP] step=46 action={"accept_dr_bid":false,"defer_ev_charging":0.0,"global_charge_rate":-1.0,"min_reserve_pct":0.0,"p2p_export_rate":0.0} reward=4.39 done=false error=null
[INFO] Rate limit hit. Retrying in 1s...
[INFO] Rate limit hit. Retrying in 4s...
[STEP] step=47 action={"accept_dr_bid":false,"defer_ev_charging":0.0,"global_charge_rate":-1.0,"min_reserve_pct":0.0,"p2p_export_rate":0.0} reward=4.44 done=false error=null
[INFO] Rate limit hit. Retrying in 1s...
[STEP] step=48 action={"accept_dr_bid":false,"defer_ev_charging":0.0,"global_charge_rate":-1.0,"min_reserve_pct":0.0,"p2p_export_rate":0.0} reward=4.52 done=true error=null
[END] success=true steps=48 score=0.9999 rewards=4.63,4.76,2.46,5.11,5.31,5.53,5.76,6.01,6.25,6.49,6.74,6.97,7.19,7.39,7.58,7.74,7.87,7.98,8.06,8.11,8.12,8.11,8.06,7.98,7.87,7.74,75.76,7.39,7.19,6.97,6.74,6.49,6.25,6.01,5.76,5.53,5.31,5.11,4.92,4.76,4.63,4.52,4.44,4.39,4.38,4.39,4.44,4.52
[START] task=expert-demand-response env=vpp model=llama-3.1-8b-instant
[INFO] Rate limit hit. Retrying in 1s...
[INFO] Rate limit hit. Retrying in 4s...
[STEP] step=1 action={"accept_dr_bid":true,"defer_ev_charging":0.0,"global_charge_rate":-1.0,"min_reserve_pct":0.0,"p2p_export_rate":0.0} reward=6.94 done=false error=null
[STEP] step=2 action={"accept_dr_bid":true,"defer_ev_charging":0.0,"global_charge_rate":-0.5,"min_reserve_pct":0.2,"p2p_export_rate":0.0} reward=3.57 done=false error=null
[INFO] Rate limit hit. Retrying in 1s...
[INFO] Rate limit hit. Retrying in 4s...
[STEP] step=3 action={"accept_dr_bid":true,"defer_ev_charging":0.0,"global_charge_rate":-0.5,"min_reserve_pct":0.2,"p2p_export_rate":0.0} reward=3.69 done=false error=null
[INFO] Rate limit hit. Retrying in 1s...
[STEP] step=4 action={"accept_dr_bid":true,"defer_ev_charging":0.0,"global_charge_rate":-0.5,"min_reserve_pct":0.2,"p2p_export_rate":0.33} reward=2.60 done=false error=null
[INFO] Rate limit hit. Retrying in 1s...
[INFO] Rate limit hit. Retrying in 4s...
[STEP] step=5 action={"accept_dr_bid":false,"defer_ev_charging":0.0,"global_charge_rate":-0.5,"min_reserve_pct":0.2,"p2p_export_rate":0.0} reward=2.66 done=false error=null
[STEP] step=6 action={"accept_dr_bid":false,"defer_ev_charging":0.0,"global_charge_rate":-0.5,"min_reserve_pct":0.2,"p2p_export_rate":0.0} reward=0.77 done=false error=null
[INFO] Rate limit hit. Retrying in 1s...
[INFO] Rate limit hit. Retrying in 4s...
[STEP] step=7 action={"accept_dr_bid":true,"defer_ev_charging":0.0,"global_charge_rate":-0.5,"min_reserve_pct":0.2,"p2p_export_rate":0.0} reward=3.76 done=false error=null
[INFO] Rate limit hit. Retrying in 1s...
[STEP] step=8 action={"accept_dr_bid":true,"defer_ev_charging":0.0,"global_charge_rate":-0.5,"min_reserve_pct":0.2,"p2p_export_rate":0.0} reward=4.01 done=false error=null
[INFO] Rate limit hit. Retrying in 1s...
[INFO] Rate limit hit. Retrying in 4s...
[STEP] step=9 action={"accept_dr_bid":true,"defer_ev_charging":0.0,"global_charge_rate":-0.5,"min_reserve_pct":0.2,"p2p_export_rate":0.5} reward=4.61 done=false error=null
[STEP] step=10 action={"accept_dr_bid":true,"defer_ev_charging":0.0,"global_charge_rate":-0.5,"min_reserve_pct":0.2,"p2p_export_rate":0.0} reward=1.25 done=false error=null
[INFO] Rate limit hit. Retrying in 1s...
[INFO] Rate limit hit. Retrying in 4s...
[STEP] step=11 action={"accept_dr_bid":false,"defer_ev_charging":0.0,"global_charge_rate":-0.5,"min_reserve_pct":0.2,"p2p_export_rate":0.0} reward=1.37 done=false error=null
[INFO] Rate limit hit. Retrying in 1s...
[STEP] step=12 action={"accept_dr_bid":false,"defer_ev_charging":0.0,"global_charge_rate":-0.5,"min_reserve_pct":0.2,"p2p_export_rate":0.0} reward=1.48 done=false error=null
[INFO] Rate limit hit. Retrying in 1s...
[INFO] Rate limit hit. Retrying in 4s...
[STEP] step=13 action={"accept_dr_bid":true,"defer_ev_charging":0.0,"global_charge_rate":-0.5,"min_reserve_pct":0.2,"p2p_export_rate":0.5} reward=7.63 done=false error=null
[STEP] step=14 action={"accept_dr_bid":true,"defer_ev_charging":0.0,"global_charge_rate":-0.5,"min_reserve_pct":0.2,"p2p_export_rate":0.0} reward=7.24 done=false error=null
[INFO] Rate limit hit. Retrying in 1s...
[INFO] Rate limit hit. Retrying in 4s...
[STEP] step=15 action={"accept_dr_bid":true,"defer_ev_charging":0.0,"global_charge_rate":-0.5,"min_reserve_pct":0.2,"p2p_export_rate":0.5} reward=8.28 done=false error=null
[INFO] Rate limit hit. Retrying in 1s...
[STEP] step=16 action={"accept_dr_bid":true,"defer_ev_charging":0.0,"global_charge_rate":-0.5,"min_reserve_pct":0.2,"p2p_export_rate":0.0} reward=1.87 done=false error=null
[INFO] Rate limit hit. Retrying in 1s...
[INFO] Rate limit hit. Retrying in 4s...
[STEP] step=17 action={"accept_dr_bid":false,"defer_ev_charging":0.0,"global_charge_rate":-0.5,"min_reserve_pct":0.2,"p2p_export_rate":0.0} reward=1.94 done=false error=null
[STEP] step=18 action={"accept_dr_bid":false,"defer_ev_charging":0.0,"global_charge_rate":-0.5,"min_reserve_pct":0.2,"p2p_export_rate":0.0} reward=1.99 done=false error=null
[INFO] Rate limit hit. Retrying in 1s...
[INFO] Rate limit hit. Retrying in 4s...
[STEP] step=19 action={"accept_dr_bid":true,"defer_ev_charging":0.0,"global_charge_rate":-0.5,"min_reserve_pct":0.2,"p2p_export_rate":0.0} reward=5.25 done=false error=null
[INFO] Rate limit hit. Retrying in 1s...
[STEP] step=20 action={"accept_dr_bid":true,"defer_ev_charging":0.0,"global_charge_rate":-0.5,"min_reserve_pct":0.2,"p2p_export_rate":0.0} reward=5.30 done=false error=null
[INFO] Rate limit hit. Retrying in 1s...
[INFO] Rate limit hit. Retrying in 4s...
[STEP] step=21 action={"accept_dr_bid":true,"defer_ev_charging":0.0,"global_charge_rate":-0.5,"min_reserve_pct":0.2,"p2p_export_rate":0.0} reward=5.31 done=false error=null
[INFO] Rate limit hit. Retrying in 1s...
[STEP] step=22 action={"accept_dr_bid":true,"defer_ev_charging":0.0,"global_charge_rate":-0.5,"min_reserve_pct":0.2,"p2p_export_rate":0.0} reward=2.05 done=false error=null
[INFO] Rate limit hit. Retrying in 1s...
[STEP] step=23 action={"accept_dr_bid":false,"defer_ev_charging":0.0,"global_charge_rate":-0.5,"min_reserve_pct":0.2,"p2p_export_rate":0.0} reward=2.03 done=false error=null
[INFO] Rate limit hit. Retrying in 1s...
[INFO] Rate limit hit. Retrying in 4s...
[STEP] step=24 action={"accept_dr_bid":false,"defer_ev_charging":0.0,"global_charge_rate":-0.5,"min_reserve_pct":0.2,"p2p_export_rate":0.5} reward=3.02 done=false error=null
[INFO] Rate limit hit. Retrying in 1s...
[STEP] step=25 action={"accept_dr_bid":true,"defer_ev_charging":0.0,"global_charge_rate":-0.5,"min_reserve_pct":0.2,"p2p_export_rate":0.0} reward=5.87 done=false error=null
[INFO] Rate limit hit. Retrying in 1s...
[INFO] Rate limit hit. Retrying in 4s...
[STEP] step=26 action={"accept_dr_bid":true,"defer_ev_charging":0.0,"global_charge_rate":-0.5,"min_reserve_pct":0.2,"p2p_export_rate":0.0} reward=5.74 done=false error=null
[STEP] step=27 action={"accept_dr_bid":true,"defer_ev_charging":0.0,"global_charge_rate":-0.5,"min_reserve_pct":0.2,"p2p_export_rate":0.0} reward=5.58 done=false error=null
[INFO] Rate limit hit. Retrying in 1s...
[INFO] Rate limit hit. Retrying in 4s...
[STEP] step=28 action={"accept_dr_bid":true,"defer_ev_charging":0.0,"global_charge_rate":-0.5,"min_reserve_pct":0.2,"p2p_export_rate":0.8} reward=3.62 done=false error=null
[INFO] Rate limit hit. Retrying in 1s...
[STEP] step=29 action={"accept_dr_bid":false,"defer_ev_charging":0.0,"global_charge_rate":-0.5,"min_reserve_pct":0.2,"p2p_export_rate":0.0} reward=1.59 done=false error=null
[INFO] Rate limit hit. Retrying in 1s...
[INFO] Rate limit hit. Retrying in 4s...
[STEP] step=30 action={"accept_dr_bid":false,"defer_ev_charging":0.0,"global_charge_rate":-0.5,"min_reserve_pct":0.2,"p2p_export_rate":0.5} reward=2.58 done=false error=null
[STEP] step=31 action={"accept_dr_bid":true,"defer_ev_charging":0.0,"global_charge_rate":-0.5,"min_reserve_pct":0.1,"p2p_export_rate":0.0} reward=4.06 done=false error=null
[INFO] Rate limit hit. Retrying in 1s...
[INFO] Rate limit hit. Retrying in 4s...
[STEP] step=32 action={"accept_dr_bid":true,"defer_ev_charging":0.0,"global_charge_rate":-0.5,"min_reserve_pct":0.2,"p2p_export_rate":0.0} reward=3.85 done=false error=null
[INFO] Rate limit hit. Retrying in 1s...
[STEP] step=33 action={"accept_dr_bid":true,"defer_ev_charging":0.0,"global_charge_rate":-0.5,"min_reserve_pct":0.2,"p2p_export_rate":0.0} reward=3.62 done=false error=null
[INFO] Rate limit hit. Retrying in 1s...
[INFO] Rate limit hit. Retrying in 4s...
[STEP] step=34 action={"accept_dr_bid":true,"defer_ev_charging":0.0,"global_charge_rate":-0.5,"min_reserve_pct":0.2,"p2p_export_rate":0.0} reward=1.00 done=false error=null
[STEP] step=35 action={"accept_dr_bid":false,"defer_ev_charging":0.0,"global_charge_rate":-0.5,"min_reserve_pct":0.2,"p2p_export_rate":0.0} reward=0.88 done=false error=null
[INFO] Rate limit hit. Retrying in 1s...
[INFO] Rate limit hit. Retrying in 4s...
[STEP] step=36 action={"accept_dr_bid":false,"defer_ev_charging":0.0,"global_charge_rate":-0.5,"min_reserve_pct":0.2,"p2p_export_rate":0.5} reward=1.15 done=false error=null
[INFO] Rate limit hit. Retrying in 1s...
[STEP] step=37 action={"accept_dr_bid":true,"defer_ev_charging":0.0,"global_charge_rate":-0.5,"min_reserve_pct":0.2,"p2p_export_rate":0.0} reward=1.98 done=false error=null
[INFO] Rate limit hit. Retrying in 1s...
[INFO] Rate limit hit. Retrying in 4s...
[STEP] step=38 action={"accept_dr_bid":true,"defer_ev_charging":0.0,"global_charge_rate":-0.5,"min_reserve_pct":0.2,"p2p_export_rate":0.5} reward=2.10 done=false error=null
[STEP] step=39 action={"accept_dr_bid":true,"defer_ev_charging":0.0,"global_charge_rate":-0.5,"min_reserve_pct":0.2,"p2p_export_rate":0.0} reward=1.69 done=false error=null
[INFO] Rate limit hit. Retrying in 1s...
[INFO] Rate limit hit. Retrying in 4s...
[STEP] step=40 action={"accept_dr_bid":true,"defer_ev_charging":0.0,"global_charge_rate":-0.5,"min_reserve_pct":0.2,"p2p_export_rate":0.75} reward=0.62 done=false error=null
[STEP] step=41 action={"accept_dr_bid":false,"defer_ev_charging":0.0,"global_charge_rate":-0.5,"min_reserve_pct":0.0,"p2p_export_rate":0.0} reward=2.31 done=false error=null
[INFO] Rate limit hit. Retrying in 1s...
[INFO] Rate limit hit. Retrying in 4s...
[STEP] step=42 action={"accept_dr_bid":false,"defer_ev_charging":0.0,"global_charge_rate":-0.5,"min_reserve_pct":0.1,"p2p_export_rate":0.0} reward=0.26 done=false error=null
[INFO] Rate limit hit. Retrying in 1s...
[STEP] step=43 action={"accept_dr_bid":true,"defer_ev_charging":0.0,"global_charge_rate":-0.5,"min_reserve_pct":0.2,"p2p_export_rate":0.06} reward=0.66 done=false error=null
[INFO] Rate limit hit. Retrying in 1s...
[INFO] Rate limit hit. Retrying in 4s...
[STEP] step=44 action={"accept_dr_bid":true,"defer_ev_charging":0.0,"global_charge_rate":-0.5,"min_reserve_pct":0.0,"p2p_export_rate":0.0} reward=2.63 done=false error=null
[INFO] Rate limit hit. Retrying in 1s...
[STEP] step=45 action={"accept_dr_bid":true,"defer_ev_charging":0.0,"global_charge_rate":-0.5,"min_reserve_pct":0.2,"p2p_export_rate":0.0} reward=0.62 done=false error=null
[INFO] Rate limit hit. Retrying in 1s...
[STEP] step=46 action={"accept_dr_bid":true,"defer_ev_charging":0.0,"global_charge_rate":-0.5,"min_reserve_pct":0.2,"p2p_export_rate":0.0} reward=0.20 done=false error=null
[INFO] Rate limit hit. Retrying in 1s...
[INFO] Rate limit hit. Retrying in 4s...
[STEP] step=47 action={"accept_dr_bid":false,"defer_ev_charging":0.0,"global_charge_rate":-0.5,"min_reserve_pct":0.0,"p2p_export_rate":0.0} reward=2.22 done=false error=null
[STEP] step=48 action={"accept_dr_bid":false,"defer_ev_charging":0.0,"global_charge_rate":-0.5,"min_reserve_pct":0.2,"p2p_export_rate":0.0} reward=0.26 done=true error=null
[END] success=true steps=48 score=0.9999 rewards=6.94,3.57,3.69,2.60,2.66,0.77,3.76,4.01,4.61,1.25,1.37,1.48,7.63,7.24,8.28,1.87,1.94,1.99,5.25,5.30,5.31,2.05,2.03,3.02,5.87,5.74,5.58,3.62,1.59,2.58,4.06,3.85,3.62,1.00,0.88,1.15,1.98,2.10,1.69,0.62,2.31,0.26,0.66,2.63,0.62,0.20,2.22,0.26
[START] task=islanding-emergency env=vpp model=llama-3.1-8b-instant
[INFO] Rate limit hit. Retrying in 1s...
[STEP] step=1 action={"accept_dr_bid":false,"defer_ev_charging":0.0,"global_charge_rate":-1.0,"min_reserve_pct":0.0,"p2p_export_rate":0.0} reward=4.63 done=false error=null
[INFO] Rate limit hit. Retrying in 1s...
[INFO] Rate limit hit. Retrying in 4s...
[STEP] step=2 action={"accept_dr_bid":false,"defer_ev_charging":0.0,"global_charge_rate":-1.0,"min_reserve_pct":0.0,"p2p_export_rate":0.0} reward=4.76 done=false error=null
[INFO] Rate limit hit. Retrying in 1s...
[STEP] step=3 action={"accept_dr_bid":false,"defer_ev_charging":0.0,"global_charge_rate":-1.0,"min_reserve_pct":0.0,"p2p_export_rate":0.0} reward=4.92 done=false error=null
[INFO] Rate limit hit. Retrying in 1s...
[INFO] Rate limit hit. Retrying in 4s...
[STEP] step=4 action={"accept_dr_bid":false,"defer_ev_charging":0.0,"global_charge_rate":-1.0,"min_reserve_pct":0.0,"p2p_export_rate":0.0} reward=5.11 done=false error=null
[STEP] step=5 action={"accept_dr_bid":false,"defer_ev_charging":0.0,"global_charge_rate":-1.0,"min_reserve_pct":0.0,"p2p_export_rate":0.0} reward=5.31 done=false error=null
[INFO] Rate limit hit. Retrying in 1s...
[STEP] step=6 action={"accept_dr_bid":false,"defer_ev_charging":0.0,"global_charge_rate":-1.0,"min_reserve_pct":0.0,"p2p_export_rate":0.0} reward=5.53 done=false error=null
[INFO] Rate limit hit. Retrying in 1s...
[INFO] Rate limit hit. Retrying in 4s...
[STEP] step=7 action={"accept_dr_bid":false,"defer_ev_charging":0.0,"global_charge_rate":-1.0,"min_reserve_pct":0.0,"p2p_export_rate":0.0} reward=5.76 done=false error=null
[INFO] Rate limit hit. Retrying in 1s...
[STEP] step=8 action={"accept_dr_bid":false,"defer_ev_charging":0.0,"global_charge_rate":-1.0,"min_reserve_pct":0.0,"p2p_export_rate":0.0} reward=6.01 done=false error=null
[INFO] Rate limit hit. Retrying in 1s...
[INFO] Rate limit hit. Retrying in 4s...
[STEP] step=9 action={"accept_dr_bid":false,"defer_ev_charging":0.0,"global_charge_rate":-1.0,"min_reserve_pct":0.0,"p2p_export_rate":0.0} reward=6.25 done=false error=null
[STEP] step=10 action={"accept_dr_bid":false,"defer_ev_charging":0.0,"global_charge_rate":-1.0,"min_reserve_pct":0.0,"p2p_export_rate":0.0} reward=6.49 done=false error=null
[INFO] Rate limit hit. Retrying in 1s...
[INFO] Rate limit hit. Retrying in 4s...
[STEP] step=11 action={"accept_dr_bid":false,"defer_ev_charging":0.0,"global_charge_rate":-1.0,"min_reserve_pct":0.0,"p2p_export_rate":0.0} reward=6.74 done=false error=null
[INFO] Rate limit hit. Retrying in 1s...
[STEP] step=12 action={"accept_dr_bid":false,"defer_ev_charging":0.0,"global_charge_rate":-1.0,"min_reserve_pct":0.0,"p2p_export_rate":0.0} reward=6.97 done=false error=null
[INFO] Rate limit hit. Retrying in 1s...
[STEP] step=13 action={"accept_dr_bid":false,"defer_ev_charging":0.0,"global_charge_rate":-1.0,"min_reserve_pct":0.0,"p2p_export_rate":0.0} reward=7.19 done=false error=null
[INFO] Rate limit hit. Retrying in 1s...
[INFO] Rate limit hit. Retrying in 4s...
[STEP] step=14 action={"accept_dr_bid":false,"defer_ev_charging":0.0,"global_charge_rate":-1.0,"min_reserve_pct":0.0,"p2p_export_rate":0.0} reward=7.39 done=false error=null
[INFO] Rate limit hit. Retrying in 1s...
[STEP] step=15 action={"accept_dr_bid":false,"defer_ev_charging":0.0,"global_charge_rate":-1.0,"min_reserve_pct":0.0,"p2p_export_rate":0.0} reward=7.58 done=false error=null
[INFO] Rate limit hit. Retrying in 1s...
[INFO] Rate limit hit. Retrying in 4s...
[STEP] step=16 action={"accept_dr_bid":false,"defer_ev_charging":0.0,"global_charge_rate":-1.0,"min_reserve_pct":0.0,"p2p_export_rate":0.0} reward=7.74 done=false error=null
[STEP] step=17 action={"accept_dr_bid":false,"defer_ev_charging":0.0,"global_charge_rate":-1.0,"min_reserve_pct":0.0,"p2p_export_rate":0.0} reward=7.87 done=false error=null
[INFO] Rate limit hit. Retrying in 1s...
[INFO] Rate limit hit. Retrying in 4s...
[STEP] step=18 action={"accept_dr_bid":false,"defer_ev_charging":0.0,"global_charge_rate":-1.0,"min_reserve_pct":0.0,"p2p_export_rate":0.0} reward=7.98 done=false error=null
[INFO] Rate limit hit. Retrying in 1s...
[STEP] step=19 action={"accept_dr_bid":false,"defer_ev_charging":0.0,"global_charge_rate":-1.0,"min_reserve_pct":0.0,"p2p_export_rate":0.0} reward=8.06 done=false error=null
[INFO] Rate limit hit. Retrying in 1s...
[STEP] step=20 action={"accept_dr_bid":false,"defer_ev_charging":0.0,"global_charge_rate":-1.0,"min_reserve_pct":0.0,"p2p_export_rate":0.0} reward=8.11 done=false error=null
[INFO] Rate limit hit. Retrying in 1s...
[INFO] Rate limit hit. Retrying in 4s...
[STEP] step=21 action={"accept_dr_bid":false,"defer_ev_charging":0.0,"global_charge_rate":-1.0,"min_reserve_pct":0.0,"p2p_export_rate":0.0} reward=0.00 done=false error=null
[INFO] Rate limit hit. Retrying in 1s...
[STEP] step=22 action={"accept_dr_bid":false,"defer_ev_charging":0.0,"global_charge_rate":-1.0,"min_reserve_pct":0.0,"p2p_export_rate":0.0} reward=0.00 done=false error=null
[INFO] Rate limit hit. Retrying in 1s...
[STEP] step=23 action={"accept_dr_bid":false,"defer_ev_charging":0.0,"global_charge_rate":-1.0,"min_reserve_pct":0.0,"p2p_export_rate":0.0} reward=0.00 done=false error=null
[INFO] Rate limit hit. Retrying in 1s...
[INFO] Rate limit hit. Retrying in 4s...
[STEP] step=24 action={"accept_dr_bid":false,"defer_ev_charging":0.0,"global_charge_rate":-1.0,"min_reserve_pct":0.0,"p2p_export_rate":0.0} reward=0.00 done=false error=null
[INFO] Rate limit hit. Retrying in 1s...
[STEP] step=25 action={"accept_dr_bid":false,"defer_ev_charging":0.0,"global_charge_rate":-1.0,"min_reserve_pct":0.0,"p2p_export_rate":0.0} reward=0.00 done=false error=null
[INFO] Rate limit hit. Retrying in 1s...
[STEP] step=26 action={"accept_dr_bid":false,"defer_ev_charging":0.0,"global_charge_rate":-1.0,"min_reserve_pct":0.0,"p2p_export_rate":0.0} reward=0.00 done=false error=null
[INFO] Rate limit hit. Retrying in 1s...
[INFO] Rate limit hit. Retrying in 4s...
[STEP] step=27 action={"accept_dr_bid":false,"defer_ev_charging":0.0,"global_charge_rate":-1.0,"min_reserve_pct":0.0,"p2p_export_rate":0.0} reward=0.00 done=false error=null
[INFO] Rate limit hit. Retrying in 1s...
[STEP] step=28 action={"accept_dr_bid":false,"defer_ev_charging":0.0,"global_charge_rate":-1.0,"min_reserve_pct":0.0,"p2p_export_rate":0.0} reward=0.00 done=false error=null
[INFO] Rate limit hit. Retrying in 1s...
[INFO] Rate limit hit. Retrying in 4s...
[STEP] step=29 action={"accept_dr_bid":false,"defer_ev_charging":0.0,"global_charge_rate":-1.0,"min_reserve_pct":0.0,"p2p_export_rate":0.0} reward=0.00 done=false error=null
[STEP] step=30 action={"accept_dr_bid":false,"defer_ev_charging":0.0,"global_charge_rate":-1.0,"min_reserve_pct":0.0,"p2p_export_rate":0.0} reward=0.00 done=false error=null
[INFO] Rate limit hit. Retrying in 1s...
[INFO] Rate limit hit. Retrying in 4s...
[STEP] step=31 action={"accept_dr_bid":false,"defer_ev_charging":0.0,"global_charge_rate":-1.0,"min_reserve_pct":0.0,"p2p_export_rate":0.0} reward=53.88 done=false error=null
[STEP] step=32 action={"accept_dr_bid":false,"defer_ev_charging":0.0,"global_charge_rate":-1.0,"min_reserve_pct":0.0,"p2p_export_rate":0.0} reward=6.49 done=false error=null
[INFO] Rate limit hit. Retrying in 1s...
[INFO] Rate limit hit. Retrying in 4s...
[STEP] step=33 action={"accept_dr_bid":false,"defer_ev_charging":0.0,"global_charge_rate":-1.0,"min_reserve_pct":0.0,"p2p_export_rate":0.0} reward=6.25 done=false error=null
[INFO] Rate limit hit. Retrying in 1s...
[STEP] step=34 action={"accept_dr_bid":false,"defer_ev_charging":0.0,"global_charge_rate":-1.0,"min_reserve_pct":0.0,"p2p_export_rate":0.0} reward=6.01 done=false error=null
[INFO] Rate limit hit. Retrying in 1s...
[INFO] Rate limit hit. Retrying in 4s...
[STEP] step=35 action={"accept_dr_bid":false,"defer_ev_charging":0.0,"global_charge_rate":-1.0,"min_reserve_pct":0.0,"p2p_export_rate":0.0} reward=5.76 done=false error=null
[STEP] step=36 action={"accept_dr_bid":false,"defer_ev_charging":0.0,"global_charge_rate":-1.0,"min_reserve_pct":0.0,"p2p_export_rate":0.0} reward=5.53 done=false error=null
[INFO] Rate limit hit. Retrying in 1s...
[INFO] Rate limit hit. Retrying in 4s...
[STEP] step=37 action={"accept_dr_bid":false,"defer_ev_charging":0.0,"global_charge_rate":-1.0,"min_reserve_pct":0.0,"p2p_export_rate":0.0} reward=5.31 done=false error=null
[INFO] Rate limit hit. Retrying in 1s...
[STEP] step=38 action={"accept_dr_bid":false,"defer_ev_charging":0.0,"global_charge_rate":-1.0,"min_reserve_pct":0.0,"p2p_export_rate":0.0} reward=5.11 done=false error=null
[INFO] Rate limit hit. Retrying in 1s...
[STEP] step=39 action={"accept_dr_bid":false,"defer_ev_charging":0.0,"global_charge_rate":-1.0,"min_reserve_pct":0.0,"p2p_export_rate":0.0} reward=4.92 done=false error=null
[INFO] Rate limit hit. Retrying in 1s...
[INFO] Rate limit hit. Retrying in 4s...
[STEP] step=40 action={"accept_dr_bid":false,"defer_ev_charging":0.0,"global_charge_rate":-1.0,"min_reserve_pct":0.0,"p2p_export_rate":0.0} reward=4.76 done=false error=null
[INFO] Rate limit hit. Retrying in 1s...
[STEP] step=41 action={"accept_dr_bid":false,"defer_ev_charging":0.0,"global_charge_rate":-1.0,"min_reserve_pct":0.0,"p2p_export_rate":0.0} reward=4.63 done=false error=null
[INFO] Rate limit hit. Retrying in 1s...
[STEP] step=42 action={"accept_dr_bid":false,"defer_ev_charging":0.0,"global_charge_rate":-1.0,"min_reserve_pct":0.0,"p2p_export_rate":0.0} reward=4.52 done=false error=null
[INFO] Rate limit hit. Retrying in 1s...
[INFO] Rate limit hit. Retrying in 4s...
[STEP] step=43 action={"accept_dr_bid":false,"defer_ev_charging":0.0,"global_charge_rate":-1.0,"min_reserve_pct":0.0,"p2p_export_rate":0.0} reward=4.44 done=false error=null
[INFO] Rate limit hit. Retrying in 1s...
[STEP] step=44 action={"accept_dr_bid":false,"defer_ev_charging":0.0,"global_charge_rate":-1.0,"min_reserve_pct":0.0,"p2p_export_rate":0.0} reward=4.39 done=false error=null
[INFO] Rate limit hit. Retrying in 1s...
[INFO] Rate limit hit. Retrying in 4s...
[STEP] step=45 action={"accept_dr_bid":false,"defer_ev_charging":0.0,"global_charge_rate":-1.0,"min_reserve_pct":0.0,"p2p_export_rate":0.0} reward=4.38 done=false error=null
[STEP] step=46 action={"accept_dr_bid":false,"defer_ev_charging":0.0,"global_charge_rate":-1.0,"min_reserve_pct":0.0,"p2p_export_rate":0.0} reward=4.39 done=false error=null
[INFO] Rate limit hit. Retrying in 1s...
[INFO] Rate limit hit. Retrying in 4s...
[STEP] step=47 action={"accept_dr_bid":false,"defer_ev_charging":0.0,"global_charge_rate":-1.0,"min_reserve_pct":0.0,"p2p_export_rate":0.0} reward=4.44 done=false error=null
[INFO] Rate limit hit. Retrying in 1s...
[STEP] step=48 action={"accept_dr_bid":false,"defer_ev_charging":0.0,"global_charge_rate":-1.0,"min_reserve_pct":0.0,"p2p_export_rate":0.0} reward=4.52 done=true error=null
[END] success=true steps=48 score=0.7917 rewards=4.63,4.76,4.92,5.11,5.31,5.53,5.76,6.01,6.25,6.49,6.74,6.97,7.19,7.39,7.58,7.74,7.87,7.98,8.06,8.11,0.00,0.00,0.00,0.00,0.00,0.00,0.00,0.00,0.00,0.00,53.88,6.49,6.25,6.01,5.76,5.53,5.31,5.11,4.92,4.76,4.63,4.52,4.44,4.39,4.38,4.39,4.44,4.52

--- Task Scores ---
  easy-arbitrage                       0.9999
  medium-forecast-error                0.9999
  hard-frequency-response              0.9999
  expert-demand-response               0.9999
  islanding-emergency                  0.7917
[INFO] Average score: 0.9583
(openenv-vpp) PS C:\Users\admin\Documents\New folder (5)\Virtual-Power-Plant> 